// Vitest Snapshot v1, https://vitest.dev/guide/snapshot.html

exports[`mongodbAdapter > translates filters, projections, and write operations 1`] = `
[
  {
    "doc": {
      "firstName": "Ada",
    },
    "op": "insertOne",
  },
  {
    "filter": {
      "_id": "inserted",
    },
    "op": "findOne",
    "options": undefined,
  },
  {
    "filter": {
      "first_name": "Ada",
    },
    "op": "findOne",
    "options": {
      "projection": {
        "first_name": 1,
      },
    },
  },
  {
    "filter": {
      "$and": [
        {
          "status": "active",
        },
      ],
      "$or": [
        {
          "tags": {
            "$in": [
              "beta",
            ],
          },
        },
      ],
    },
    "op": "find",
    "options": undefined,
  },
  {
    "op": "sort",
    "sortDoc": {
      "created_at": -1,
    },
  },
  {
    "op": "skip",
    "skipValue": 1,
  },
  {
    "limitValue": 5,
    "op": "limit",
  },
  {
    "op": "toArray",
  },
  {
    "filter": {},
    "op": "countDocuments",
  },
  {
    "filter": {
      "id": "1",
    },
    "op": "findOneAndUpdate",
    "options": {
      "returnDocument": "after",
    },
    "update": {
      "$set": {
        "status": "inactive",
      },
    },
  },
  {
    "filter": {
      "status": "inactive",
    },
    "op": "updateMany",
    "update": {
      "$set": {
        "status": "active",
      },
    },
  },
  {
    "filter": {
      "id": "1",
    },
    "op": "findOneAndDelete",
  },
  {
    "filter": {
      "status": "active",
    },
    "op": "deleteMany",
  },
  {
    "filter": {
      "id": "1",
    },
    "op": "findOneAndUpdate",
    "options": {
      "projection": {
        "status": 1,
      },
      "returnDocument": "after",
      "upsert": true,
    },
    "update": {
      "$set": {
        "status": "pending",
      },
      "$setOnInsert": {
        "id": "1",
        "status": "active",
      },
    },
  },
]
`;
